../RTOS_Source/FreeRTOS-Kernel/tasks.c:1620:20:prvCreateTask	48	static
../RTOS_Source/FreeRTOS-Kernel/tasks.c:1718:16:xTaskCreate	64	static
../RTOS_Source/FreeRTOS-Kernel/tasks.c:1793:13:prvInitialiseNewTask	32	static
../RTOS_Source/FreeRTOS-Kernel/tasks.c:2019:17:prvAddNewTaskToReadyList	40	static,ignoring_inline_asm
../RTOS_Source/FreeRTOS-Kernel/tasks.c:2158:19:prvSnprintfReturnValueToCharsWritten	24	static
../RTOS_Source/FreeRTOS-Kernel/tasks.c:2343:16:xTaskDelayUntil	32	static,ignoring_inline_asm
../RTOS_Source/FreeRTOS-Kernel/tasks.c:2435:10:vTaskDelay	24	static,ignoring_inline_asm
../RTOS_Source/FreeRTOS-Kernel/tasks.c:2485:16:eTaskGetState	40	static
../RTOS_Source/FreeRTOS-Kernel/tasks.c:3511:19:prvCreateIdleTasks	48	static
../RTOS_Source/FreeRTOS-Kernel/tasks.c:3665:6:vTaskStartScheduler	16	static,ignoring_inline_asm
../RTOS_Source/FreeRTOS-Kernel/tasks.c:3768:6:vTaskEndScheduler	16	static,ignoring_inline_asm
../RTOS_Source/FreeRTOS-Kernel/tasks.c:3811:6:vTaskSuspendAll	8	static,ignoring_inline_asm
../RTOS_Source/FreeRTOS-Kernel/tasks.c:3956:12:xTaskResumeAll	40	static,ignoring_inline_asm
../RTOS_Source/FreeRTOS-Kernel/tasks.c:4106:12:xTaskGetTickCount	16	static
../RTOS_Source/FreeRTOS-Kernel/tasks.c:4125:12:xTaskGetTickCountFromISR	16	static
../RTOS_Source/FreeRTOS-Kernel/tasks.c:4160:13:uxTaskGetNumberOfTasks	8	static
../RTOS_Source/FreeRTOS-Kernel/tasks.c:4172:8:pcTaskGetName	24	static
../RTOS_Source/FreeRTOS-Kernel/tasks.c:4385:17:uxTaskGetSystemState	40	static
../RTOS_Source/FreeRTOS-Kernel/tasks.c:4465:22:xTaskGetIdleTaskHandle	8	static
../RTOS_Source/FreeRTOS-Kernel/tasks.c:4479:18:xTaskGetIdleTaskHandleForCore	16	static
../RTOS_Source/FreeRTOS-Kernel/tasks.c:4546:12:xTaskCatchUpTicks	24	static
../RTOS_Source/FreeRTOS-Kernel/tasks.c:4670:12:xTaskIncrementTick	40	static
../RTOS_Source/FreeRTOS-Kernel/tasks.c:5056:10:vTaskSwitchContext	24	static,ignoring_inline_asm
../RTOS_Source/FreeRTOS-Kernel/tasks.c:5243:6:vTaskPlaceOnEventList	16	static
../RTOS_Source/FreeRTOS-Kernel/tasks.c:5272:6:vTaskPlaceOnUnorderedEventList	32	static
../RTOS_Source/FreeRTOS-Kernel/tasks.c:5341:12:xTaskRemoveFromEventList	40	static
../RTOS_Source/FreeRTOS-Kernel/tasks.c:5434:6:vTaskRemoveFromUnorderedEventList	32	static
../RTOS_Source/FreeRTOS-Kernel/tasks.c:5506:6:vTaskSetTimeOutState	16	static
../RTOS_Source/FreeRTOS-Kernel/tasks.c:5522:6:vTaskInternalSetTimeOutState	16	static
../RTOS_Source/FreeRTOS-Kernel/tasks.c:5534:12:xTaskCheckForTimeOut	40	static
../RTOS_Source/FreeRTOS-Kernel/tasks.c:5603:6:vTaskMissedYield	8	static
../RTOS_Source/FreeRTOS-Kernel/tasks.c:5616:17:uxTaskGetTaskNumber	24	static
../RTOS_Source/FreeRTOS-Kernel/tasks.c:5643:10:vTaskSetTaskNumber	24	static
../RTOS_Source/FreeRTOS-Kernel/tasks.c:5748:8:prvIdleTask	16	static,ignoring_inline_asm
../RTOS_Source/FreeRTOS-Kernel/tasks.c:6011:13:prvInitialiseTaskLists	16	static
../RTOS_Source/FreeRTOS-Kernel/tasks.c:6043:13:prvCheckTasksWaitingTermination	4	static
../RTOS_Source/FreeRTOS-Kernel/tasks.c:6121:10:vTaskGetInfo	48	static
../RTOS_Source/FreeRTOS-Kernel/tasks.c:6268:24:prvListTasksWithinSingleList	40	static
../RTOS_Source/FreeRTOS-Kernel/tasks.c:6307:35:prvTaskCheckFreeStackSpace	24	static
../RTOS_Source/FreeRTOS-Kernel/tasks.c:6371:17:uxTaskGetStackHighWaterMark	32	static
../RTOS_Source/FreeRTOS-Kernel/tasks.c:6456:13:prvResetNextTaskUnblockTime	4	static
../RTOS_Source/FreeRTOS-Kernel/tasks.c:6480:22:xTaskGetCurrentTaskHandle	16	static
../RTOS_Source/FreeRTOS-Kernel/tasks.c:6515:18:xTaskGetCurrentTaskHandleForCore	24	static
../RTOS_Source/FreeRTOS-Kernel/tasks.c:6540:16:xTaskGetSchedulerState	16	static
../RTOS_Source/FreeRTOS-Kernel/tasks.c:7186:19:prvWriteNameToBuffer	24	static
../RTOS_Source/FreeRTOS-Kernel/tasks.c:7213:10:vTaskListTasks	72	static
../RTOS_Source/FreeRTOS-Kernel/tasks.c:7569:12:uxTaskResetEventItemValue	16	static
../RTOS_Source/FreeRTOS-Kernel/tasks.c:7614:14:ulTaskGenericNotifyTake	40	static,ignoring_inline_asm
../RTOS_Source/FreeRTOS-Kernel/tasks.c:7717:16:xTaskGenericNotifyWait	48	static,ignoring_inline_asm
../RTOS_Source/FreeRTOS-Kernel/tasks.c:7832:16:xTaskGenericNotify	56	static,ignoring_inline_asm
../RTOS_Source/FreeRTOS-Kernel/tasks.c:7952:16:xTaskGenericNotifyFromISR	96	static,ignoring_inline_asm
../RTOS_Source/FreeRTOS-Kernel/tasks.c:8118:10:vTaskGenericNotifyGiveFromISR	72	static,ignoring_inline_asm
../RTOS_Source/FreeRTOS-Kernel/tasks.c:8234:16:xTaskGenericNotifyStateClear	24	static
../RTOS_Source/FreeRTOS-Kernel/tasks.c:8272:14:ulTaskGenericNotifyValueClear	32	static
../RTOS_Source/FreeRTOS-Kernel/tasks.c:8415:13:prvAddCurrentTaskToDelayedList	32	static
../RTOS_Source/FreeRTOS-Kernel/tasks.c:8645:6:vTaskResetState	16	static
