../Driver/Src/stm32f303xx_can_driver.c:14:6:CAN_ClkControl	16	static
../Driver/Src/stm32f303xx_can_driver.c:29:14:CAN_Init	24	static
../Driver/Src/stm32f303xx_can_driver.c:84:14:CAN_DeInit	16	static
../Driver/Src/stm32f303xx_can_driver.c:95:14:CAN_Start	16	static
../Driver/Src/stm32f303xx_can_driver.c:116:14:CAN_Stop	16	static
../Driver/Src/stm32f303xx_can_driver.c:136:14:CAN_RequestSleep	16	static
../Driver/Src/stm32f303xx_can_driver.c:166:14:CAN_WakeUp	16	static
../Driver/Src/stm32f303xx_can_driver.c:187:14:CAN_GetState	16	static
../Driver/Src/stm32f303xx_can_driver.c:194:14:CAN_ConfigFilter	16	static
../Driver/Src/stm32f303xx_can_driver.c:240:14:CAN_EnableFilter	16	static
../Driver/Src/stm32f303xx_can_driver.c:258:14:CAN_DisableFilter	16	static
../Driver/Src/stm32f303xx_can_driver.c:277:14:CAN_AddTxMessage	40	static
../Driver/Src/stm32f303xx_can_driver.c:380:14:CAN_IsTxMessagePending	16	static
../Driver/Src/stm32f303xx_can_driver.c:400:14:CAN_GetRxMessage	48	static
../Driver/Src/stm32f303xx_can_driver.c:471:9:CAN_GetRxFifoFillLevel	16	static
